
> detectra-ai-frontend@1.0.0 type-check
> tsc --noEmit

components/VideoUploader.tsx(38,5): error TS2322: Type '(accepted: File[], rejected: File[]) => void' is not assignable to type '<T extends File>(acceptedFiles: T[], fileRejections: FileRejection[], event: DropEvent) => void'.
  Types of parameters 'rejected' and 'fileRejections' are incompatible.
    Type 'FileRejection[]' is not assignable to type 'File[]'.
      Type 'FileRejection' is missing the following properties from type 'File': lastModified, name, webkitRelativePath, size, and 6 more.
